# Remove trailing whitespace from output lines

\begin{ocaml}
# let x = 13;;
val x : int = 13
\end{ocaml}

\begin{sh}
$ echo "bob  "
bob
\end{sh}

Also, it should be valid to terminate phrases that end with `;;` but have
trailing whitespace:

\begin{ocaml}
# let terminated_with_space = 42;; 
val terminated_with_space : int = 42
# let terminated_with_tab = 42;;	
val terminated_with_tab : int = 42
\end{ocaml}
