Exits from the toplevel are reported correctly:

\begin{ocaml}
# #use "idontexist.ml";;
Cannot find file idontexist.ml.
[125]
\end{ocaml}
