[mdx] Fatal error: File "test-case.md", line 3, column 25: invalid code block: `toto` is not a valid label.
