File "test-case.md", line 2, column 0: Error in the OCaml file include code block
In file ./parts-begin-end.ml, line 6: There is no part to end.
