This shell block contains an empty line within a padded block:

\begin{sh}
 $ echo ''
 
\end{sh}

\begin{sh}
  $ echo "Hello..." && echo "" && echo "world!"
  Hello...
  
  world!
\end{sh}

This toplevel block contains an empty line within a padded block:

\begin{ocaml}
 # print_newline;;
 - : unit -> unit = <fun>
\end{ocaml}
