Mdx can also understand ocaml code blocks:


% $MDX file=sync_to_md.ml,part=toto
\begin{ocaml}
let x = 34
let f = 42.3
let s = "toto"
let f x u = u x

let () =
  print_int x;
  print_float f
;;
\end{ocaml}

% $MDX file=sync_to_md.ml,part=zzz
\begin{ocaml}
let () =
  print_string s
;;
\end{ocaml}

% $MDX file=sync_to_md.ml,part=42
\begin{ocaml}
let () =
  f x print_int
\end{ocaml}

% $MDX file=sync_to_md.ml,part=
\begin{ocaml}
let () =
  ();
  ()
;;
\end{ocaml}

% $MDX file=sync_to_md.ml
\begin{ocaml}
let () =
  ();
  ()
;;

let x = 34
let f = 42.3
let s = "toto"
let f x u = u x

let () =
  print_int x;
  print_float f
;;

let () =
  print_string s
;;

let () =
  f x print_int
\end{ocaml}

\begin{ocaml}
# let x = 2;;
val x : int = 2
# print_int x;;
2
- : unit = ()
\end{ocaml}
