Mdx can also understand ocaml code blocks:


% $MDX file=parts-begin-end.ml,part=toto
\begin{ocaml}
let x = 34
let f = 42.3
let s = "toto"
let f x u = u x

let () =
  print_int x;
  print_float f
;;
\end{ocaml}

% $MDX file=parts-begin-end.ml,part=z_zz
\begin{ocaml}
let () =
  print_string s
;;
\end{ocaml}

% $MDX file=parts-begin-end.ml,part=4-2
\begin{ocaml}
let () =
  f x print_int;
\end{ocaml}

% $MDX file=parts-begin-end.ml
\begin{ocaml}
let () =
  ();
  ()
;;

let x = 34
let f = 42.3
let s = "toto"
let f x u = u x

let () =
  print_int x;
  print_float f
;;

p
let () =
  print_string s
;;


let () =
  f x print_int;
  ()

let () =
  let () = fooooooooooooooooooooooooooooooooooooooooooo in
  if not fooooooooo then foooooooooooo
\end{ocaml}

\begin{ocaml}
# let x = 2;;
val x : int = 2
# print_int x;;
2
- : unit = ()
\end{ocaml}

% $MDX file=parts-begin-end.ml,part=indented
\begin{ocaml}
  let () = fooooooooooooooooooooooooooooooooooooooooooo in
  if not fooooooooo then foooooooooooo
\end{ocaml}
