The errors raised when evaluating OCaml blocks are displayed in a `mdx-error` block, that is immediately following the `ocaml` block it is attached to:


% $MDX version<4.08
\begin{ocaml}
module Counter: Irmin.Contents.S with type t = int64 = struct
  type t = int64
  let t = Irmin.Type.int64
\end{ocaml}
\begin{mdx-error}
Characters 112-112:
Error: Syntax error: 'end' expected
Characters 55-61:
Error: This 'struct' might be unmatched
\end{mdx-error}


% $MDX version>=4.08
\begin{ocaml}
module Counter: Irmin.Contents.S with type t = int64 = struct
  type t = int64
  let t = Irmin.Type.int64
\end{ocaml}
\begin{mdx-error}
Line 4, characters 3-3:
Error: Syntax error: 'end' expected
Line 1, characters 56-62:
  This 'struct' might be unmatched
\end{mdx-error}


If no error is raised, no error block must be attached:

\begin{ocaml}
module Counter = struct
  type t = int64
end
\end{ocaml}

Existing error blocks attached to a valid ocaml block are removed:

\begin{ocaml}
module Counter = struct
  type t = int64
end
\end{ocaml}
