File "test-case.md", line 3, column 0: Error in the OCaml file include code block
Cannot find part "part1" in ./part_not_found.ml
