File "test-case.t", line 3, column 0: Error in the cram code block
Blocks must start with a command or similar, not with an output line. To indicate a line as a command, start it with a dollar followed by a space.
