The choice of `bash` vs. `sh` code fences should be preserved:

\begin{bash}
$ echo 'bash block runs'
bash block runs
\end{bash}

\begin{sh}
$ echo 'sh block runs'
sh block runs
\end{sh}

Even when the blocks are skipped:

% $MDX skip
\begin{bash}
\end{bash}

% $MDX skip
\begin{sh}
\end{sh}
