File "test-case.md", line 3, column 0: Error in the OCaml file include code block
./not_found.ml: No such file or directory
